// Jest Snapshot v1, https://goo.gl/fbAQLP

exports[`Details Component Snapshots matches sidebar snapshot 1`] = `
<DocumentFragment>
  <div
    class="details-component"
  >
    <div
      data-testid="outlet-content"
    >
      Outlet Content
    </div>
    <div
      class="details-component-sidebar"
    >
      <a
        class="thumbnail-component"
        href="/details/1"
      >
        <div>
          <img
            alt="Item 1"
          />
        </div>
        <p>
          Item 1
        </p>
      </a>
      <a
        class="thumbnail-component"
        href="/details/2"
      >
        <div>
          <img
            alt="Item 2"
          />
        </div>
        <p>
          Item 2
        </p>
      </a>
    </div>
  </div>
</DocumentFragment>
`;
