// Jest Snapshot v1, https://goo.gl/fbAQLP

exports[`Home Component matches home component snapshot 1`] = `
<DocumentFragment>
  <div
    class="home-content"
  >
    <div
      class="welcome-banner"
    >
      <h1
        class="welcome-message"
      >
        Welcome to Pathfinder
      </h1>
      <h2
        class="welcome-subtitle"
      >
        Empowering Your Professional Journey
      </h2>
      <a
        class="cta-button"
        href="/Quiz"
      >
        Start Career Assessment â†’
      </a>
    </div>
    <div
      class="courses-section"
    >
      <h2
        class="section-title"
      >
        Featured Courses
      </h2>
      <div
        class="home-component"
      >
        <div
          data-testid="thumbnail-mock"
        >
          Course 1 - 1 - path/to/image1.jpg
        </div>
        <div
          data-testid="thumbnail-mock"
        >
          Course 2 - 2 - path/to/image2.jpg
        </div>
      </div>
    </div>
    <div
      class="appointment-section"
    >
      <h2
        class="section-title"
      >
        Mentorship Sessions
      </h2>
      <div
        class="appointment-links"
      >
        <div
          class="appointment-actions"
        >
          <a
            class="appointment-link"
            href="/schedule-appointment"
          >
            <svg
              aria-hidden="true"
              viewBox="0 0 24 24"
            >
              <path
                d="M12 2C6.48 2 2 6.48 2 12s4.48 10 10 10 10-4.48 10-10S17.52 2 12 2zm5 11h-4v4h-2v-4H7v-2h4V7h2v4h4v2z"
              />
            </svg>
            Schedule Appointment
          </a>
          <a
            class="appointment-link"
            href="/manage-appointment"
          >
            <svg
              class="icon"
              viewBox="0 0 24 24"
            >
              <path
                d="M19 3h-1V1h-2v2H8V1H6v2H5c-1.1 0-2 .9-2 2v14c0 1.1.9 2 2 2h14c1.1 0 2-.9 2-2V5c0-1.1-.9-2-2-2zm0 16H5V8h14v11zM9 10H7v2h2v-2zm4 0h-2v2h2v-2zm4 0h-2v2h2v-2zm-8 4H7v2h2v-2zm4 0h-2v2h2v-2zm4 0h-2v2h2v-2z"
              />
            </svg>
            Manage Appointments
          </a>
        </div>
      </div>
    </div>
    <div
      class="roadmap-section"
    >
      <h2
        class="section-title"
      >
        Career Path Exploration
      </h2>
      <button
        class="roadmap-btn"
        type="button"
      >
        <svg
          aria-hidden="true"
          viewBox="0 0 24 24"
        >
          <path
            d="M12 2C6.48 2 2 6.48 2 12s4.48 10 10 10 10-4.48 10-10S17.52 2 12 2zm-1 17.93c-3.95-.49-7-3.85-7-7.93 0-.62.08-1.21.21-1.79L9 15v1c0 1.1.9 2 2 2v1.93zm6.9-2.54c-.26-.81-1-1.39-1.9-1.39h-1v-3c0-.55-.45-1-1-1H8v-2h2c.55 0 1-.45 1-1V7h2c1.1 0 2-.9 2-2v-.41c2.93 1.19 5 4.06 5 7.41 0 2.08-.8 3.97-2.1 5.39z"
          />
        </svg>
        View Career Roadmaps
      </button>
    </div>
    <div
      class="job-sites-section"
    >
      <h2
        class="section-title"
      >
        Job Search Resources
      </h2>
      <div
        class="job-sites-grid"
      >
        <a
          class="job-site-card"
          href="https://www.linkedin.com/jobs"
          rel="noopener noreferrer"
          target="_blank"
        >
          <div
            class="job-site-logo"
          >
            <img
              alt="LinkedIn"
              src="https://content.linkedin.com/content/dam/me/business/en-us/amp/brand-site/v2/bg/LI-Logo.svg.original.svg"
              width="120"
            />
          </div>
          <p>
            Professional networking and job opportunities
          </p>
        </a>
        <a
          class="job-site-card"
          href="https://www.indeed.com"
          rel="noopener noreferrer"
          target="_blank"
        >
          <div
            class="job-site-logo"
          >
            <img
              alt="Indeed"
              src="https://1000logos.net/wp-content/uploads/2023/01/Indeed-logo.png"
              width="120"
            />
          </div>
          <p>
            Millions of jobs from all over the web
          </p>
        </a>
        <a
          class="job-site-card"
          href="https://www.glassdoor.com"
          rel="noopener noreferrer"
          target="_blank"
        >
          <div
            class="job-site-logo"
          >
            <img
              alt="Glassdoor"
              src="https://1000logos.net/wp-content/uploads/2023/07/glassdoor-logo.webp"
              width="120"
            />
          </div>
          <p>
            Jobs with company reviews and salaries
          </p>
        </a>
        <a
          class="job-site-card"
          href="https://www.monster.com"
          rel="noopener noreferrer"
          target="_blank"
        >
          <div
            class="job-site-logo"
          >
            <img
              alt="Monster"
              src="https://1000logos.net/wp-content/uploads/2024/04/Monster-Logo.png"
              width="120"
            />
          </div>
          <p>
            Find jobs and career resources
          </p>
        </a>
        <a
          class="job-site-card"
          href="https://www.careerbuilder.com"
          rel="noopener noreferrer"
          target="_blank"
        >
          <div
            class="job-site-logo"
          >
            <img
              alt="CareerBuilder"
              src="https://upload.wikimedia.org/wikipedia/commons/thumb/e/e6/CareerBuilder_Logo.svg/2560px-CareerBuilder_Logo.svg.png"
              width="120"
            />
          </div>
          <p>
            Job search and recruitment platform
          </p>
        </a>
      </div>
    </div>
  </div>
</DocumentFragment>
`;
